[1/35] oneflow.com            was=unknown              now=unknown vac=7 ats=n 1s
[2/35] planhat.com            was=unknown              now=Salesforce/strong_supporting vac=12 ats=n 1s
[3/35] trengo.com             was=hubspot_confirmed    now=HubSpot/strong_supporting vac=1 ats=n 1s
[4/35] getaccept.com          was=unknown              now=HubSpot/strong_supporting vac=4 ats=n 1s
[5/35] sana-commerce.com      was=unknown              now=unknown vac=2 ats=Y 0s
[6/35] apaleo.com             was=unknown              now=unknown vac=10 ats=Y 0s
[7/35] channable.com          was=unknown              now=unknown vac=1 ats=n 0s
[8/35] efficy.com             was=unknown              now=unknown vac=10 ats=n 0s
[9/35] mews.com               was=hubspot_confirmed    now=HubSpot/strong_supporting vac=2 ats=n 0s
[10/35] leapsome.com           was=hubspot_confirmed    now=HubSpot/strong_supporting vac=1 ats=n 0s
[11/35] weglot.com             was=unknown              now=unknown vac=4 ats=n 0s
[12/35] pleo.io                was=unknown              now=HubSpot/mention_only vac=38 ats=Y 0s
[13/35] spendesk.com           was=unknown              now=unknown vac=7 ats=n 0s
[14/35] juro.com               was=hubspot_confirmed    now=HubSpot/strong_supporting vac=1 ats=n 1s
[15/35] foleon.com             was=hubspot_confirmed    now=HubSpot/strong_supporting vac=3 ats=Y 0s
[16/35] payfit.com             was=unknown              now=Salesforce/confirmed_current vac=18 ats=n 0s
[17/35] upsales.com            was=unknown              now=unknown vac=0 ats=n 0s
[18/35] factorialhr.com        was=unknown              now=unknown vac=2 ats=n 0s
[19/35] twikey.com             was=unknown              now=unknown vac=10 ats=n 0s
[20/35] productsup.com         was=hubspot_confirmed    now=HubSpot/strong_supporting vac=3 ats=n 0s
[21/35] lano.io                was=unknown              now=unknown vac=2 ats=n 0s
[22/35] cegeka.com             was=hubspot_confirmed    now=HubSpot/strong_supporting vac=0 ats=n 1s
[23/35] younium.com            was=unknown              now=HubSpot/strong_supporting vac=2 ats=n 1s
[24/35] vinted.com             was=unknown              now=unknown vac=3 ats=n 1s
[25/35] kiflo.com              was=unknown              now=unknown vac=0 ats=n 1s
[26/35] aikido.dev             was=hubspot_confirmed    now=HubSpot/confirmed_current vac=40 ats=Y 0s
[27/35] archerirm.com          was=unknown              now=unknown vac=3 ats=n 1s
[28/35] magentrix.com          was=unknown              now=unknown vac=2 ats=n 0s
[29/35] cubbit.io              was=hubspot_confirmed    now=HubSpot/strong_supporting vac=9 ats=n 0s
[30/35] datadoghq.com          was=unknown              now=unknown vac=3 ats=n 0s
[31/35] doordash.com           was=unknown              now=unknown vac=1 ats=n 0s
[32/35] deloitte.com           was=unknown              now=unknown vac=0 ats=Y 0s
[33/35] aircall.io             was=hubspot_confirmed    now=Salesforce/confirmed_current vac=40 ats=Y 0s
[34/35] devoteam.com           was=unknown              now=unknown vac=4 ats=n 0s
[35/35] glovoapp.com           was=unknown              now=unknown vac=3 ats=n 0s
DONE — 35 accounts
