[1/54] quatt.io                 radar=2  trade=0  operational=0/8
[2/54] nibe.eu                  radar=1  trade=0  operational=0/8
[3/54] viessmann.com            radar=0  trade=0  operational=0/8
[4/54] daikin.eu                radar=0  trade=0  operational=0/8
[5/54] vaillant.com             radar=0  trade=0  operational=0/8
[6/54] rittal.com               radar=3  trade=0  operational=4/8
[7/54] kramp.com                radar=4  trade=3  operational=0/8
[8/54] zehnder-systems.com      radar=13 trade=35 operational=0/8
[9/54] grundfos.com             radar=0  trade=0  operational=0/8
[10/54] wago.com                 radar=10 trade=35 operational=0/8
[11/54] niko.eu                  radar=5  trade=1  operational=0/8
[12/54] phoenixcontact.com       radar=0  trade=0  operational=0/8
[13/54] hager.com                radar=0  trade=0  operational=0/8
[14/54] beckhoff.com             radar=2  trade=0  operational=0/8
[15/54] sick.com                 radar=0  trade=0  operational=0/8
[16/54] festo.com                radar=0  trade=2  operational=0/8
[17/54] pilz.com                 radar=0  trade=0  operational=0/8
[18/54] ifm.com                  radar=0  trade=0  operational=0/8
[19/54] turck.com                radar=0  trade=0  operational=0/8
[20/54] balluff.com              radar=0  trade=0  operational=0/8
[21/54] schneider-electric.com   radar=2  trade=0  operational=0/8
[22/54] nedap.com                radar=0  trade=0  operational=0/8
[23/54] loxone.com               radar=12 trade=35 operational=2/8
[24/54] milesight.com            radar=0  trade=0  operational=0/8
[25/54] teltonika-networks.com   radar=0  trade=0  operational=0/8
[26/54] advantech.com            radar=1  trade=0  operational=1/8
[27/54] kerlink.com              radar=2  trade=2  operational=0/8
[28/54] digi.com                 radar=0  trade=2  operational=0/8
[29/54] moxa.com                 radar=0  trade=0  operational=0/8
[30/54] somfy.com                radar=0  trade=0  operational=0/8
[31/54] barco.com                radar=0  trade=0  operational=0/8
[32/54] biamp.com                radar=13 trade=35 operational=0/8
[33/54] sensative.com            radar=5  trade=3  operational=0/8
[34/54] extron.com               radar=0  trade=0  operational=0/8
[35/54] crestron.com             radar=2  trade=0  operational=1/8
[36/54] axis.com                 radar=2  trade=2  operational=0/8
[37/54] zebra.com                radar=1  trade=0  operational=1/8
[38/54] datalogic.com            radar=0  trade=0  operational=0/8
[39/54] ubiquiti.com             radar=0  trade=0  operational=0/8
[40/54] vertiv.com               radar=2  trade=0  operational=3/8
[41/54] hanwhavision.eu          radar=0  trade=0  operational=0/8
[42/54] fronius.com              radar=0  trade=0  operational=0/8
[43/54] sma.de                   radar=3  trade=0  operational=0/8
[44/54] solaredge.com            radar=0  trade=1  operational=0/8
