
vaillant.com   domains searched: vaillant.com, vaillant.co.uk, vaillant.de
   surfaces: 2  (sitemap fetches 16, soft-404s rejected 0)
   by origin: sitemap=2
     [de] https://www.vaillant.de/kontakt/fachpartner-finden/heizungsbauer-in-der-naehe/
     [de] https://www.vaillant.de/kontakt/fachpartner-finden/heizungsbauer-in-der-naehe/frankfurt/

quatt.io   domains searched: quatt.io, partners.quatt.io, support.quatt.io
   surfaces: 3  (sitemap fetches 11, soft-404s rejected 0)
   by origin: sitemap=1 navigation=2
     [partner] https://www.quatt.io/zakelijk/partner-programma
     [partner] https://partners.quatt.io/google/oauth
     [partner] https://partners.quatt.io/microsoft/oauth

niko.eu   domains searched: niko.eu
   surfaces: 14  (sitemap fetches 6, soft-404s rejected 0)
   by origin: sitemap=14
     [dealer] https://www.niko.eu/en/need-help/where-to-buy
     [partner] https://www.niko.eu/en/our-products/home-automation/partners
     [fr] https://www.niko.eu/fr-be/besoin-d'aide/ou-acheter
     [partner] https://www.niko.eu/da-dk/vores-produkter/boligautomatisering/partners
     [partner] https://www.niko.eu/de-de/unsere-produkte/heimautomatisierung/partners
     [fr] https://www.niko.eu/fr-fr/nos-produits/automatisation-domestique/partenaires

fronius.com   domains searched: fronius.com
   surfaces: 14  (sitemap fetches 12, soft-404s rejected 0)
   by origin: sitemap=14
     [partner] https://www.fronius.com/en/contact/partner-program/solar-partner
     [partner] https://www.fronius.com/en/contact/partner-program/solar-partner/fronius-system-partner-emp
     [partner] https://www.fronius.com/de/kontakt/partner-finden/vertriebspartner-finden
     [nl] https://www.fronius.com/de/kontakt/installateur-finden/kontaktformular-installateure/success
     [nl] https://www.fronius.com/de/kontakt/installateur-finden/kontaktformular-installateure
     [partner] https://www.fronius.com/de/kontakt/partner-finden/vertriebspartner-finden/kontaktformular-grossh
