
vaillant.com   domains searched: vaillant.com, vaillant.co.uk, vaillant.de
   surfaces: 7  (sitemap fetches 16, soft-404s rejected 0)
   by origin: sitemap=7
     [de] https://www.vaillant.de/kontakt/fachpartner-finden/heizungsbauer-in-der-naehe/
     [de] https://www.vaillant.de/kontakt/fachpartner-finden/heizungsbauer-in-der-naehe/frankfurt/
     [de] https://www.vaillant.de/kontakt/fachpartner-finden/heizungsbauer-in-der-naehe/berlin/
     [de] https://www.vaillant.de/kontakt/fachpartner-finden/heizungsbauer-in-der-naehe/hamburg/
     [de] https://www.vaillant.de/kontakt/fachpartner-finden/heizungsbauer-in-der-naehe/muenchen/
     [de] https://www.vaillant.de/kontakt/fachpartner-finden/heizungsbauer-in-der-naehe/bremen/

fronius.com   domains searched: fronius.com
   surfaces: 14  (sitemap fetches 12, soft-404s rejected 0)
   by origin: sitemap=14
     [partner] https://www.fronius.com/en/contact/partner-program/solar-partner
     [partner] https://www.fronius.com/en/contact/partner-program/solar-partner/fronius-system-partner-emp
     [partner] https://www.fronius.com/en/contact/partner-program
     [partner] https://www.fronius.com/en/contact/partner-program/welding-partner
     [partner] https://www.fronius.com/en/contact/partner-program/solar-partner/partnership-ro
     [partner] https://www.fronius.com/de/kontakt/partner-finden/vertriebspartner-finden

quatt.io   domains searched: quatt.io, partners.quatt.io, support.quatt.io
   surfaces: 7  (sitemap fetches 11, soft-404s rejected 0)
   by origin: sitemap=1 navigation=6
     [partner] https://www.quatt.io/zakelijk/partner-programma
     [partner] https://partners.quatt.io/_next/static/chunks/1ykuf3ftmt616.css?dpl=674bc1175c00ab7e37c6a14273b0
     [partner] https://partners.quatt.io/_next/static/chunks/17h72s69cj_x_.css?dpl=674bc1175c00ab7e37c6a14273b0
     [partner] https://partners.quatt.io/_next/static/chunks/1uvctpkh120m1.js?dpl=674bc1175c00ab7e37c6a14273b0f
     [partner] https://partners.quatt.io/site.webmanifest
     [partner] https://partners.quatt.io/google/oauth

niko.eu   domains searched: niko.eu
   surfaces: 14  (sitemap fetches 6, soft-404s rejected 0)
   by origin: sitemap=14
     [dealer] https://www.niko.eu/en/need-help/where-to-buy
     [partner] https://www.niko.eu/en/our-products/home-automation/partners
     [fr] https://www.niko.eu/fr-be/besoin-d'aide/ou-acheter
     [partner] https://www.niko.eu/da-dk/vores-produkter/boligautomatisering/partners
     [partner] https://www.niko.eu/de-de/unsere-produkte/heimautomatisierung/partners
     [fr] https://www.niko.eu/fr-fr/besoin-d'aide/ou-acheter

sma.de   domains searched: sma.de, sma.com.tr
   surfaces: 2  (sitemap fetches 10, soft-404s rejected 0)
   by origin: navigation=2
     [partner] https://www.sma.de/partner/lieferanten
     [distributor] https://sma.com.tr/authorized-distributors

somfy.com   domains searched: somfy.com, somfy.co.uk, somfy.de
   surfaces: 2  (sitemap fetches 10, soft-404s rejected 0)
   by origin: navigation=1 sitemap=1
     [partner] https://www.somfy.co.uk/find-a-point-of-sale/partner-webshops
     [de] https://www.somfy.de/haendlersuche
