[1/106] saas_software    chargebee.com            dom=1 surf=1  read=1  motion=YES progs=2 dir=-
[2/106] saas_software    teamleader.eu            dom=1 surf=1  read=1  motion=YES progs=4 dir=-
[3/106] saas_software    storyblok.com            dom=1 surf=5  read=5  motion=YES progs=3 dir=-
[4/106] saas_software    silverfin.com            dom=1 surf=0  read=0  motion=no  progs=0 dir=-
[5/106] saas_software    exact.com                dom=1 surf=1  read=1  motion=YES progs=1 dir=-
[6/106] saas_software    contentful.com           dom=1 surf=0  read=0  motion=no  progs=0 dir=-
[7/106] saas_software    sitecore.com             dom=2 surf=2  read=2  motion=no  progs=0 dir=-
[8/106] cybersecurity_i  aikido.dev               dom=1 surf=2  read=2  motion=YES progs=2 dir=-
[9/106] cybersecurity_i  reversinglabs.com        dom=1 surf=2  read=1  motion=YES progs=1 dir=-
[10/106] saas_software    odoo.com                 dom=3 surf=10 read=10 motion=YES progs=0 dir=-
[11/106] cybersecurity_i  acronis.com              dom=3 surf=3  read=3  motion=YES progs=2 dir=-
[12/106] saas_software    visma.com                dom=3 surf=10 read=10 motion=no  progs=0 dir=-
[13/106] cybersecurity_i  eset.com                 dom=2 surf=1  read=1  motion=no  progs=0 dir=-
[14/106] saas_software    unit4.com                dom=3 surf=0  read=0  motion=no  progs=0 dir=-
[15/106] cybersecurity_i  bitdefender.com          dom=3 surf=4  read=2  motion=no  progs=0 dir=-
[16/106] cybersecurity_i  watchguard.com           dom=3 surf=10 read=9  motion=no  progs=0 dir=-
[17/106] cybersecurity_i  sophos.com               dom=3 surf=6  read=5  motion=YES progs=3 dir=-
[18/106] fintech          mollie.com               dom=1 surf=5  read=2  motion=YES progs=1 dir=-
[19/106] cybersecurity_i  barracuda.com            dom=3 surf=1  read=1  motion=YES progs=1 dir=-
[20/106] fintech          unifiedpost.com          dom=2 surf=2  read=2  motion=YES progs=1 dir=-
[21/106] cybersecurity_i  nomios.com               dom=3 surf=2  read=2  motion=YES progs=0 dir=-
[22/106] fintech          twikey.com               dom=2 surf=3  read=3  motion=no  progs=0 dir=-
[23/106] cybersecurity_i  hornetsecurity.com       dom=3 surf=10 read=10 motion=YES progs=0 dir=-
[24/106] fintech          nmbrs.com                dom=2 surf=3  read=3  motion=YES progs=1 dir=-
[25/106] fintech          modulrfinance.com        dom=1 surf=1  read=1  motion=no  progs=0 dir=-
[26/106] fintech          yuki.nl                  dom=1 surf=1  read=1  motion=no  progs=0 dir=-
[27/106] hr_business_sof  factorialhr.com          dom=3 surf=10 read=10 motion=YES progs=3 dir=-
[28/106] hr_business_sof  officient.io             dom=1 surf=1  read=1  motion=no  progs=0 dir=-
[29/106] hr_business_sof  shiftbase.com            dom=1 surf=6  read=6  motion=YES progs=3 dir=-
[30/106] hr_business_sof  personio.com             dom=1 surf=0  read=0  motion=no  progs=0 dir=-
[31/106] fintech          isabel.eu                dom=3 surf=1  read=1  motion=YES progs=0 dir=-
[32/106] manufacturing_e  quatt.io                 dom=3 surf=1  read=1  motion=no  progs=0 dir=-
[33/106] manufacturing_e  vaillant.com             dom=3 surf=1  read=1  motion=no  progs=0 dir=-
[34/106] hr_business_sof  protime.eu               dom=1 surf=5  read=5  motion=YES progs=2 dir=-
[35/106] manufacturing_e  viessmann.com            dom=1 surf=0  read=0  motion=no  progs=0 dir=-
[36/106] manufacturing_e  daikin.eu                dom=3 surf=10 read=5  motion=YES progs=0 dir=-
[37/106] fintech          clearbank.com            dom=2 surf=1  read=1  motion=YES progs=0 dir=-
[38/106] hr_business_sof  sdworx.com               dom=3 surf=1  read=1  motion=YES progs=0 dir=8
[39/106] manufacturing_e  nibe.eu                  dom=3 surf=10 read=9  motion=YES progs=1 dir=21
[40/106] manufacturing_e  kramp.com                dom=1 surf=0  read=0  motion=no  progs=0 dir=-
[41/106] manufacturing_e  rittal.com               dom=1 surf=1  read=1  motion=YES progs=1 dir=-
[42/106] manufacturing_e  itho-daalderop.nl        dom=1 surf=0  read=0  motion=no  progs=0 dir=-
[43/106] manufacturing_e  niko.eu                  dom=1 surf=10 read=10 motion=YES progs=1 dir=10
[44/106] manufacturing_e  zehnder-systems.com      dom=3 surf=10 read=10 motion=no  progs=0 dir=26
[45/106] manufacturing_e  grundfos.com             dom=3 surf=10 read=10 motion=YES progs=1 dir=-
[46/106] industrial_auto  beckhoff.com             dom=2 surf=2  read=2  motion=no  progs=0 dir=-
[47/106] industrial_auto  sick.com                 dom=1 surf=0  read=0  motion=no  progs=0 dir=-
[48/106] industrial_auto  phoenixcontact.com       dom=2 surf=3  read=3  motion=YES progs=2 dir=-
[49/106] manufacturing_e  hager.com                dom=3 surf=0  read=0  motion=no  progs=0 dir=-
[50/106] industrial_auto  wago.com                 dom=3 surf=10 read=10 motion=no  progs=0 dir=-
[51/106] industrial_auto  turck.com                dom=1 surf=0  read=0  motion=no  progs=0 dir=-
[52/106] industrial_auto  festo.com                dom=2 surf=3  read=3  motion=no  progs=0 dir=-
[53/106] industrial_auto  schneider-electric.com   dom=1 surf=1  read=1  motion=YES progs=2 dir=-
[54/106] iot_connected_d  loxone.com               dom=1 surf=2  read=1  motion=YES progs=0 dir=-
[55/106] industrial_auto  pilz.com                 dom=2 surf=0  read=0  motion=no  progs=0 dir=-
[56/106] iot_connected_d  nedap.com                dom=1 surf=2  read=2  motion=YES progs=1 dir=-
[57/106] industrial_auto  balluff.com              dom=1 surf=0  read=0  motion=no  progs=0 dir=-
[58/106] iot_connected_d  teltonika-networks.com   dom=1 surf=0  read=0  motion=no  progs=0 dir=-
[59/106] iot_connected_d  advantech.com            dom=2 surf=6  read=1  motion=YES progs=0 dir=-
[60/106] iot_connected_d  digi.com                 dom=1 surf=2  read=1  motion=YES progs=2 dir=6
[61/106] iot_connected_d  kerlink.com              dom=1 surf=2  read=1  motion=no  progs=0 dir=-
[62/106] iot_connected_d  somfy.com                dom=3 surf=2  read=1  motion=YES progs=1 dir=-
[63/106] industrial_auto  ifm.com                  dom=2 surf=0  read=0  motion=no  progs=0 dir=-
[64/106] hardware_electr  barco.com                dom=1 surf=0  read=0  motion=no  progs=0 dir=-
[65/106] hardware_electr  crestron.com             dom=1 surf=1  read=1  motion=YES progs=0 dir=58
[66/106] iot_connected_d  milesight.com            dom=2 surf=2  read=2  motion=YES progs=3 dir=41
[67/106] hardware_electr  extron.com               dom=1 surf=2  read=2  motion=no  progs=0 dir=-
[68/106] hardware_electr  biamp.com                dom=1 surf=10 read=10 motion=YES progs=0 dir=-
[69/106] iot_connected_d  moxa.com                 dom=2 surf=2  read=2  motion=YES progs=2 dir=-
[70/106] iot_connected_d  sensative.com            dom=2 surf=10 read=10 motion=no  progs=0 dir=-
[71/106] hardware_electr  zebra.com                dom=1 surf=10 read=10 motion=no  progs=0 dir=-
[72/106] hardware_electr  datalogic.com            dom=1 surf=3  read=3  motion=YES progs=1 dir=-
[73/106] hardware_electr  ubiquiti.com             dom=1 surf=0  read=0  motion=no  progs=0 dir=-
[74/106] hardware_electr  axis.com                 dom=2 surf=10 read=10 motion=YES progs=4 dir=-
[75/106] solar_energy_te  sma.de                   dom=2 surf=2  read=1  motion=no  progs=0 dir=22
[76/106] solar_energy_te  solaredge.com            dom=1 surf=1  read=0  motion=no  progs=0 dir=-
[77/106] hardware_electr  hanwhavision.eu          dom=2 surf=0  read=0  motion=no  progs=0 dir=-
[78/106] hardware_electr  vertiv.com               dom=1 surf=10 read=10 motion=YES progs=2 dir=-
[79/106] solar_energy_te  fronius.com              dom=1 surf=10 read=6  motion=YES progs=1 dir=-
[80/106] solar_energy_te  growatt.com              dom=1 surf=0  read=0  motion=no  progs=0 dir=-
[81/106] solar_energy_te  enphase.com              dom=1 surf=7  read=7  motion=no  progs=0 dir=-
[82/106] hospitality_tec  guestline.com            dom=1 surf=1  read=1  motion=no  progs=0 dir=-
[83/106] solar_energy_te  victronenergy.com        dom=3 surf=3  read=2  motion=YES progs=1 dir=-
[84/106] hospitality_tec  cloudbeds.com            dom=1 surf=10 read=10 motion=YES progs=3 dir=-
[85/106] hospitality_tec  mews.com                 dom=2 surf=8  read=8  motion=YES progs=0 dir=11
[86/106] ecommerce_tech   sana-commerce.com        dom=1 surf=4  read=4  motion=YES progs=1 dir=-
[87/106] ecommerce_tech   shopware.com             dom=1 surf=10 read=10 motion=YES progs=2 dir=-
[88/106] hospitality_tec  apaleo.com               dom=3 surf=10 read=0  motion=no  progs=0 dir=-
[89/106] ecommerce_tech   spryker.com              dom=1 surf=4  read=4  motion=YES progs=1 dir=-
[90/106] hospitality_tec  siteminder.com           dom=1 surf=10 read=0  motion=no  progs=0 dir=-
[91/106] ecommerce_tech   commercetools.com        dom=1 surf=9  read=9  motion=YES progs=4 dir=-
[92/106] ecommerce_tech   bloomreach.com           dom=1 surf=2  read=2  motion=YES progs=0 dir=-
[93/106] martech_saleste  getaccept.com            dom=2 surf=2  read=2  motion=YES progs=0 dir=-
[94/106] ecommerce_tech   channable.com            dom=3 surf=10 read=4  motion=YES progs=1 dir=8
[95/106] hospitality_tec  shijigroup.com           dom=3 surf=0  read=0  motion=no  progs=0 dir=-
[96/106] martech_saleste  productsup.com           dom=2 surf=5  read=4  motion=YES progs=1 dir=-
[97/106] martech_saleste  oneflow.com              dom=3 surf=4  read=4  motion=YES progs=0 dir=-
[98/106] other_b2b_chann  konicaminolta.eu         dom=3 surf=10 read=7  motion=no  progs=0 dir=-
[99/106] martech_saleste  aircall.io               dom=3 surf=4  read=4  motion=YES progs=2 dir=-
[100/106] martech_saleste  trengo.com               dom=2 surf=4  read=4  motion=YES progs=3 dir=-
[101/106] other_b2b_chann  ricoh-europe.com         dom=1 surf=0  read=0  motion=no  progs=0 dir=-
[102/106] martech_saleste  ringover.com             dom=3 surf=2  read=2  motion=YES progs=0 dir=-
[103/106] other_b2b_chann  trotec.com               dom=1 surf=0  read=0  motion=no  progs=0 dir=-
[104/106] other_b2b_chann  stihl.com                dom=1 surf=0  read=0  motion=no  progs=0 dir=-
[105/106] other_b2b_chann  legrand.com              dom=2 surf=0  read=0  motion=no  progs=0 dir=-
