[1/106] saas_software     silverfin.com            under_observed       claims=0   progs=0 crm=unknown    jobs=0
[2/106] saas_software     contentful.com           under_observed       claims=0   progs=0 crm=unknown    jobs=0
[3/106] saas_software     teamleader.eu            plausible            claims=3   progs=4 crm=unknown    jobs=0
[4/106] saas_software     odoo.com                 plausible            claims=2   progs=1 crm=unknown    jobs=0
[5/106] saas_software     storyblok.com            strong_evidence      claims=6   progs=0 crm=unknown    jobs=0
[6/106] saas_software     chargebee.com            strong_evidence      claims=5   progs=2 crm=unknown    jobs=0
[7/106] cybersecurity_it  aikido.dev               strong_evidence      claims=6   progs=2 crm=hubspot    jobs=40
[8/106] saas_software     exact.com                research             claims=4   progs=3 crm=unknown    jobs=0
[9/106] saas_software     sitecore.com             research             claims=4   progs=0 crm=salesforce jobs=38
[10/106] saas_software     unit4.com                research             claims=1   progs=0 crm=unknown    jobs=0
[11/106] cybersecurity_it  reversinglabs.com        suppression_candidate claims=2   progs=2 crm=hubspot    jobs=0
[12/106] saas_software     visma.com                under_observed       claims=0   progs=0 crm=unknown    jobs=0
[13/106] cybersecurity_it  acronis.com              strong_evidence      claims=7   progs=2 crm=salesforce jobs=0
[14/106] cybersecurity_it  bitdefender.com          under_observed       claims=0   progs=0 crm=unknown    jobs=0
[15/106] cybersecurity_it  sophos.com               strong_evidence      claims=6   progs=1 crm=salesforce jobs=0
[16/106] cybersecurity_it  watchguard.com           research             claims=0   progs=0 crm=salesforce jobs=25
[17/106] cybersecurity_it  barracuda.com            research             claims=3   progs=1 crm=salesforce jobs=0
[18/106] fintech           twikey.com               plausible            claims=2   progs=0 crm=unknown    jobs=0
[19/106] cybersecurity_it  hornetsecurity.com       plausible            claims=3   progs=0 crm=unknown    jobs=0
[20/106] fintech           mollie.com               research             claims=4   progs=1 crm=unknown    jobs=0
[21/106] cybersecurity_it  nomios.com               research             claims=1   progs=0 crm=unknown    jobs=0
[22/106] fintech           unifiedpost.com          under_observed       claims=0   progs=0 crm=unknown    jobs=0
[23/106] fintech           clearbank.com            under_observed       claims=0   progs=0 crm=unknown    jobs=0
[24/106] fintech           isabel.eu                plausible            claims=1   progs=0 crm=unknown    jobs=0
[25/106] fintech           yuki.nl                  under_observed       claims=0   progs=0 crm=unknown    jobs=0
[26/106] fintech           modulrfinance.com        under_observed       claims=0   progs=0 crm=hubspot    jobs=0
[27/106] hr_business_soft  factorialhr.com          strong_evidence      claims=6   progs=2 crm=unknown    jobs=0
[28/106] fintech           nmbrs.com                research             claims=0   progs=1 crm=unknown    jobs=0
[29/106] hr_business_soft  personio.com             under_observed       claims=0   progs=0 crm=unknown    jobs=0
[30/106] hr_business_soft  officient.io             research             claims=5   progs=3 crm=unknown    jobs=0
[31/106] manufacturing_eq  quatt.io                 suppression_candidate claims=0   progs=0 crm=unknown    jobs=0
[32/106] hr_business_soft  shiftbase.com            research             claims=3   progs=4 crm=hubspot    jobs=0
[33/106] hr_business_soft  sdworx.com               research             claims=0   progs=2 crm=unknown    jobs=0
[34/106] manufacturing_eq  vaillant.com             under_observed       claims=0   progs=0 crm=unknown    jobs=0
[35/106] hr_business_soft  protime.eu               research             claims=4   progs=2 crm=unknown    jobs=0
[36/106] cybersecurity_it  eset.com                 research             claims=2   progs=1 crm=unknown    jobs=0
[37/106] manufacturing_eq  nibe.eu                  under_observed       claims=0   progs=0 crm=unknown    jobs=0
[38/106] manufacturing_eq  zehnder-systems.com      under_observed       claims=0   progs=0 crm=unknown    jobs=0
[39/106] manufacturing_eq  daikin.eu                research             claims=2   progs=0 crm=unknown    jobs=0
[40/106] manufacturing_eq  viessmann.com            under_observed       claims=0   progs=0 crm=unknown    jobs=0
[41/106] manufacturing_eq  grundfos.com             research             claims=0   progs=1 crm=unknown    jobs=0
[42/106] manufacturing_eq  kramp.com                under_observed       claims=0   progs=0 crm=unknown    jobs=0
[43/106] manufacturing_eq  rittal.com               research             claims=0   progs=1 crm=unknown    jobs=0
[44/106] manufacturing_eq  niko.eu                  research             claims=0   progs=1 crm=unknown    jobs=0
[45/106] industrial_autom  phoenixcontact.com       under_observed       claims=0   progs=0 crm=unknown    jobs=0
[46/106] industrial_autom  beckhoff.com             research             claims=0   progs=1 crm=unknown    jobs=0
[47/106] industrial_autom  wago.com                 under_observed       claims=0   progs=0 crm=unknown    jobs=0
[48/106] manufacturing_eq  hager.com                under_observed       claims=0   progs=0 crm=unknown    jobs=0
[49/106] industrial_autom  sick.com                 under_observed       claims=0   progs=0 crm=unknown    jobs=0
[50/106] industrial_autom  pilz.com                 under_observed       claims=0   progs=0 crm=unknown    jobs=0
[51/106] industrial_autom  turck.com                under_observed       claims=0   progs=0 crm=unknown    jobs=0
[52/106] industrial_autom  balluff.com              under_observed       claims=0   progs=0 crm=unknown    jobs=0
[53/106] industrial_autom  ifm.com                  under_observed       claims=0   progs=0 crm=unknown    jobs=0
[54/106] industrial_autom  festo.com                under_observed       claims=0   progs=0 crm=unknown    jobs=0
[55/106] iot_connected_de  nedap.com                under_observed       claims=0   progs=0 crm=unknown    jobs=0
[56/106] industrial_autom  schneider-electric.com   research             claims=2   progs=2 crm=unknown    jobs=0
[57/106] iot_connected_de  loxone.com               research             claims=1   progs=0 crm=unknown    jobs=0
[58/106] iot_connected_de  milesight.com            strong_evidence      claims=6   progs=3 crm=hubspot    jobs=0
[59/106] iot_connected_de  advantech.com            plausible            claims=4   progs=2 crm=unknown    jobs=0
[60/106] iot_connected_de  digi.com                 suppression_candidate claims=3   progs=2 crm=unknown    jobs=0
[61/106] iot_connected_de  teltonika-networks.com   under_observed       claims=0   progs=0 crm=unknown    jobs=0
[62/106] iot_connected_de  moxa.com                 research             claims=1   progs=2 crm=unknown    jobs=0
[63/106] hardware_electro  barco.com                under_observed       claims=0   progs=0 crm=unknown    jobs=0
[64/106] iot_connected_de  kerlink.com              research             claims=0   progs=2 crm=hubspot    jobs=0
[65/106] iot_connected_de  somfy.com                under_observed       claims=0   progs=0 crm=unknown    jobs=40
[66/106] manufacturing_eq  itho-daalderop.nl        research             claims=1   progs=1 crm=unknown    jobs=0
[67/106] iot_connected_de  sensative.com            under_observed       claims=0   progs=0 crm=unknown    jobs=0
[68/106] hardware_electro  crestron.com             plausible            claims=1   progs=0 crm=unknown    jobs=0
[69/106] hardware_electro  extron.com               research             claims=0   progs=1 crm=unknown    jobs=0
[70/106] hardware_electro  biamp.com                plausible            claims=2   progs=0 crm=unknown    jobs=0
[71/106] hardware_electro  axis.com                 research             claims=5   progs=5 crm=unknown    jobs=0
[72/106] hardware_electro  datalogic.com            research             claims=5   progs=1 crm=unknown    jobs=0
[73/106] hardware_electro  zebra.com                research             claims=1   progs=2 crm=unknown    jobs=0
[74/106] hardware_electro  ubiquiti.com             under_observed       claims=0   progs=0 crm=unknown    jobs=0
[75/106] solar_energy_tec  solaredge.com            under_observed       claims=0   progs=0 crm=unknown    jobs=0
[76/106] hardware_electro  vertiv.com               research             claims=2   progs=3 crm=unknown    jobs=0
[77/106] solar_energy_tec  fronius.com              under_observed       claims=0   progs=0 crm=unknown    jobs=0
[78/106] solar_energy_tec  sma.de                   research             claims=0   progs=0 crm=unknown    jobs=0
[79/106] hospitality_tech  mews.com                 plausible            claims=2   progs=1 crm=hubspot    jobs=0
[80/106] hospitality_tech  apaleo.com               under_observed       claims=0   progs=0 crm=unknown    jobs=7
[81/106] solar_energy_tec  enphase.com              under_observed       claims=0   progs=0 crm=unknown    jobs=0
[82/106] hardware_electro  hanwhavision.eu          under_observed       claims=0   progs=0 crm=unknown    jobs=0
[83/106] solar_energy_tec  victronenergy.com        under_observed       claims=0   progs=0 crm=unknown    jobs=0
[84/106] hospitality_tech  siteminder.com           under_observed       claims=0   progs=0 crm=unknown    jobs=0
[85/106] ecommerce_tech    sana-commerce.com        strong_evidence      claims=7   progs=2 crm=unknown    jobs=6
[86/106] hospitality_tech  guestline.com            research             claims=5   progs=1 crm=hubspot    jobs=0
[87/106] hospitality_tech  cloudbeds.com            research             claims=3   progs=1 crm=unknown    jobs=0
[88/106] ecommerce_tech    shopware.com             plausible            claims=1   progs=1 crm=unknown    jobs=8
[89/106] ecommerce_tech    channable.com            plausible            claims=3   progs=1 crm=unknown    jobs=0
[90/106] hospitality_tech  shijigroup.com           under_observed       claims=0   progs=0 crm=other_crm  jobs=0
[91/106] martech_salestec  getaccept.com            research             claims=2   progs=0 crm=unknown    jobs=0
[92/106] martech_salestec  oneflow.com              research             claims=5   progs=0 crm=unknown    jobs=0
[93/106] martech_salestec  productsup.com           under_observed       claims=0   progs=0 crm=hubspot    jobs=0
[94/106] ecommerce_tech    commercetools.com        strong_evidence      claims=7   progs=3 crm=hubspot    jobs=0
[95/106] martech_salestec  aircall.io               research             claims=7   progs=2 crm=hubspot    jobs=40
[96/106] solar_energy_tec  growatt.com              under_observed       claims=0   progs=0 crm=unknown    jobs=0
[97/106] martech_salestec  trengo.com               plausible            claims=4   progs=2 crm=hubspot    jobs=0
[98/106] martech_salestec  ringover.com             strong_evidence      claims=5   progs=1 crm=unknown    jobs=0
[99/106] other_b2b_channe  ricoh-europe.com         under_observed       claims=0   progs=0 crm=unknown    jobs=0
[100/106] ecommerce_tech    spryker.com              research             claims=6   progs=3 crm=unknown    jobs=0
[101/106] other_b2b_channe  trotec.com               under_observed       claims=0   progs=0 crm=unknown    jobs=0
[102/106] ecommerce_tech    bloomreach.com           research             claims=3   progs=1 crm=hubspot    jobs=0
[103/106] other_b2b_channe  konicaminolta.eu         plausible            claims=2   progs=0 crm=unknown    jobs=0
[104/106] other_b2b_channe  eaton.com                research             claims=0   progs=1 crm=unknown    jobs=0
[105/106] other_b2b_channe  legrand.com              under_observed       claims=0   progs=0 crm=unknown    jobs=0
[106/106] other_b2b_channe  stihl.com                under_observed       claims=0   progs=0 crm=unknown    jobs=0
DONE
