
### A. PRM / portal change via historical captures
  verdict: UNRESOLVED
  1/3 partner hosts had captures in two or more Common Crawl collections
   · extrahop.com: partnerportal.extrahop.com captured in 0/4 collections — 2026-30:0 2026-12:0 2025-38:0 2025-26:0
   · semperis.com: partner.semperis.com captured in 2/4 collections — 2026-30:0 2026-12:2 2025-38:3 2025-26:0
   · cubbit.io: partner.cubbit.io captured in 0/4 collections — 2026-30:0 2026-12:0 2025-38:0 2025-26:0

### B. Partner programme launch / relaunch
  verdict: CONTEXT_ONLY
  4/4 produced an earliest-capture date; 0 produced a date the company itself published
   · cumulocity.com: earliest partner-page capture 20250913 — this is FIRST OBSERVED, not launched
   · teamleader.eu: earliest partner-page capture 20260306 — this is FIRST OBSERVED, not launched
   · niko.eu: earliest partner-page capture 20250613 — this is FIRST OBSERVED, not launched
   · vanta.com: earliest partner-page capture 20250613 — this is FIRST OBSERVED, not launched

### C. M&A / carve-out / MBO
  verdict: UNRESOLVED
  see evidence — see verdict for the conclusion
   · sec_edgar_fulltext: HTTP 200 — returns content
   · sec_edgar_search: HTTP 200 — returns content
   · gdelt_doc_api: HTTP 429 (blocked) — unusable
   · wikidata_sparql: HTTP 200 — returns content
   · kbo_openbase: HTTP 200 — returns content
   · companies_house_api: HTTP 0 — unusable

### D. Partner-directory growth
  verdict: BUILD_LATER
  4/4 had captures in both an older and a newer collection
   · egnyte.com: partner-URL captures 2025-26:14 2026-30:29
   · niko.eu: partner-URL captures 2025-26:30 2026-30:38
   · loxone.com: partner-URL captures 2025-26:92 2026-30:108
   · sophos.com: partner-URL captures 2025-26:31 2026-30:318

wrote timing.json
