[1/48] customer_dis  archerirm.com          mat=weak_proxy    own=direct                surf=rich      => not_promoted    [insufficient_positive_evidence]
[2/48] customer_dis  coder.com              mat=weak_proxy    own=direct                surf=unknown   => under_observed  [sparse_publication]
[3/48] customer_dis  aikido.dev             mat=confirmed     own=direct                surf=moderate  => high_fit        [materiality_ownership_surface]
[4/48] customer_dis  cubbit.io              mat=weak_proxy    own=direct                surf=light     => not_promoted    [insufficient_positive_evidence]
[5/48] customer_dis  payflip.be             mat=weak_proxy    own=direct                surf=unknown   => under_observed  [sparse_publication]
[6/48] customer_dis  factorialhr.com        mat=confirmed     own=direct                surf=moderate  => high_fit        [materiality_ownership_surface]
[7/48] customer_dis  epiphan.com            mat=strong_proxy  own=direct                surf=rich      => high_fit        [materiality_ownership_surface]
[8/48] customer_dis  quatt.io               mat=unknown       own=unknown               surf=unknown   => under_observed  [sparse_publication]
[9/48] customer_dis  sharegate.com          mat=confirmed     own=direct                surf=rich      => high_fit        [materiality_ownership_surface]
[10/48] customer_dis  safebreach.com         mat=weak_proxy    own=direct                surf=moderate  => not_promoted    [insufficient_positive_evidence]
[11/48] customer_dis  ringover.com           mat=confirmed     own=direct                surf=light     => plausible       [materiality_and_ownership_thin_surface]
[12/48] customer_dis  storyblok.com          mat=confirmed     own=direct                surf=moderate  => high_fit        [materiality_ownership_surface]
[13/48] customer_dis  zenity.io              mat=weak_proxy    own=direct                surf=unknown   => under_observed  [sparse_publication]
[14/48] customer_hol  axon.com               mat=unknown       own=direct                surf=moderate  => not_promoted    [insufficient_positive_evidence]
[15/48] customer_hol  parloa.com             mat=confirmed     own=direct                surf=rich      => high_fit        [materiality_ownership_surface]
[16/48] customer_hol  cumulocity.com         mat=confirmed     own=direct                surf=moderate  => high_fit        [materiality_ownership_surface]
[17/48] customer_hol  reversinglabs.com      mat=weak_proxy    own=direct                surf=moderate  => not_promoted    [insufficient_positive_evidence]
[18/48] customer_hol  sedai.io               mat=unknown       own=direct                surf=moderate  => not_promoted    [insufficient_positive_evidence]
[19/48] customer_hol  xelix.com              mat=confirmed     own=direct                surf=unknown   => plausible       [materiality_and_ownership_thin_surface]
[20/48] clean_negati  bain.com               mat=unknown       own=unknown               surf=unknown   => not_promoted    [contradicted]
[21/48] clean_negati  deloitte.com           mat=unknown       own=unknown               surf=unknown   => not_promoted    [contradicted]
[22/48] clean_negati  sequoiacap.com         mat=unknown       own=unknown               surf=unknown   => under_observed  [sparse_publication]
[23/48] clean_negati  sentry.io              mat=unknown       own=unknown               surf=unknown   => under_observed  [sparse_publication]
[24/48] clean_negati  posthog.com            mat=unknown       own=direct                surf=unknown   => not_promoted    [contradicted]
[25/48] clean_negati  semrush.com            mat=confirmed     own=direct                surf=unknown   => not_promoted    [contradicted]
[26/48] clean_negati  kinsta.com             mat=confirmed     own=direct                surf=light     => not_promoted    [contradicted]
[27/48] clean_negati  softcat.com            mat=unknown       own=unknown               surf=light     => under_observed  [sparse_publication]
[28/48] clean_negati  computacenter.com      mat=weak_proxy    own=unknown               surf=light     => under_observed  [sparse_publication]
[29/48] clean_negati  bechtle.com            mat=unknown       own=unknown               surf=unknown   => under_observed  [sparse_publication]
[30/48] clean_negati  freshfields.com        mat=unknown       own=unknown               surf=unknown   => not_promoted    [contradicted]
[31/48] clean_negati  insight.com            mat=unknown       own=unknown               surf=unknown   => under_observed  [sparse_publication]
[32/48] matched_unla  personio.com           mat=unknown       own=unknown               surf=unknown   => not_promoted    [contradicted]
[33/48] matched_unla  silverfin.com          mat=unknown       own=unknown               surf=unknown   => not_promoted    [contradicted]
[34/48] matched_unla  nedap.com              mat=unknown       own=direct                surf=light     => under_observed  [sparse_publication]
[35/48] matched_unla  aircall.io             mat=strong_proxy  own=direct                surf=moderate  => high_fit        [materiality_ownership_surface]
[36/48] clean_negati  linear.app             mat=unknown       own=unknown               surf=unknown   => under_observed  [sparse_publication]
[37/48] clean_negati  indexventures.com      mat=unknown       own=unknown               surf=unknown   => under_observed  [sparse_publication]
[38/48] matched_unla  contentful.com         mat=unknown       own=unknown               surf=unknown   => not_promoted    [contradicted]
[39/48] matched_unla  wiz.io                 mat=confirmed     own=direct                surf=rich      => high_fit        [materiality_ownership_surface]
[40/48] matched_unla  datadoghq.com          mat=unknown       own=unknown               surf=unknown   => under_observed  [sparse_publication]
[41/48] matched_unla  snyk.io                mat=weak_proxy    own=direct                surf=rich      => not_promoted    [insufficient_positive_evidence]
[42/48] matched_unla  vectra.ai              mat=weak_proxy    own=direct                surf=moderate  => not_promoted    [insufficient_positive_evidence]
[43/48] matched_unla  teamleader.eu          mat=weak_proxy    own=direct                surf=moderate  => not_promoted    [insufficient_positive_evidence]
[44/48] matched_unla  loxone.com             mat=unknown       own=unknown               surf=light     => under_observed  [sparse_publication]
[45/48] matched_unla  yuki.nl                mat=unknown       own=unknown               surf=unknown   => under_observed  [sparse_publication]
[46/48] matched_unla  enphase.com            mat=unknown       own=distributor_mediated  surf=unknown   => under_observed  [sparse_publication]
[47/48] matched_unla  basware.com            mat=confirmed     own=direct                surf=moderate  => high_fit        [materiality_ownership_surface]
[48/48] matched_unla  wasabi.com             mat=weak_proxy    own=direct                surf=light     => not_promoted    [insufficient_positive_evidence]
DONE
