[1/35] trengo.com               research             cat=likely_target_category   claims=4  /5   progs=4 surf=2 tasks=1 1s
[2/35] planhat.com              high_fit_evidence    cat=likely_target_category   claims=4  /4   progs=0 surf=0 tasks=2 1s
[3/35] oneflow.com              research             cat=likely_target_category   claims=5  /5   progs=0 surf=0 tasks=2 2s
[4/35] getaccept.com            research             cat=likely_target_category   claims=2  /3   progs=0 surf=0 tasks=1 2s
[5/35] channable.com            plausible            cat=unknown                  claims=3  /4   progs=1 surf=2 tasks=4 2s
[6/35] efficy.com               under_observed       cat=unknown                  claims=0  /0   progs=0 surf=0 tasks=4 1s
[7/35] sana-commerce.com        high_fit_evidence    cat=likely_target_category   claims=8  /9   progs=2 surf=4 tasks=2 2s
[8/35] mews.com                 plausible            cat=likely_target_category   claims=2  /2   progs=1 surf=2 tasks=1 1s
[9/35] apaleo.com               under_observed       cat=likely_target_category   claims=0  /0   progs=0 surf=0 tasks=3 2s
[10/35] leapsome.com             under_observed       cat=likely_target_category   claims=0  /0   progs=0 surf=0 tasks=2 1s
[11/35] weglot.com               high_fit_evidence    cat=likely_target_category   claims=6  /8   progs=5 surf=4 tasks=2 2s
[12/35] juro.com                 research             cat=likely_target_category   claims=2  /2   progs=1 surf=0 tasks=2 2s
[13/35] spendesk.com             plausible            cat=likely_target_category   claims=4  /4   progs=0 surf=0 tasks=2 1s
[14/35] pleo.io                  research             cat=likely_target_category   claims=6  /6   progs=1 surf=1 tasks=3 2s
[15/35] payfit.com               plausible            cat=likely_target_category   claims=4  /4   progs=0 surf=0 tasks=2 1s
[16/35] factorialhr.com          high_fit_evidence    cat=likely_target_category   claims=6  /6   progs=2 surf=3 tasks=2 2s
[17/35] twikey.com               plausible            cat=likely_target_category   claims=2  /2   progs=0 surf=0 tasks=3 1s
[18/35] lano.io                  plausible            cat=likely_target_category   claims=2  /2   progs=2 surf=1 tasks=2 2s
[19/35] foleon.com               research             cat=likely_target_category   claims=0  /0   progs=0 surf=0 tasks=1 1s
[20/35] productsup.com           under_observed       cat=likely_target_category   claims=0  /0   progs=1 surf=0 tasks=1 2s
[21/35] vinted.com               under_observed       cat=likely_target_category   claims=0  /0   progs=0 surf=0 tasks=3 1s
[22/35] upsales.com              under_observed       cat=likely_target_category   claims=0  /0   progs=0 surf=0 tasks=3 2s
[23/35] younium.com              research             cat=likely_target_category   claims=3  /4   progs=0 surf=0 tasks=1 2s
[24/35] cegeka.com               under_observed       cat=likely_target_category   claims=0  /0   progs=0 surf=0 tasks=1 2s
[25/35] aikido.dev               high_fit_evidence    cat=likely_target_category   claims=6  /7   progs=2 surf=4 tasks=1 1s
[26/35] kiflo.com                suppression_candidate cat=direct_introw_competitor claims=9  /10  progs=2 surf=8 tasks=2 2s
[27/35] archerirm.com            research             cat=likely_target_category   claims=6  /6   progs=1 surf=4 tasks=1 3s
[28/35] magentrix.com            suppression_candidate cat=direct_introw_competitor claims=11 /11  progs=3 surf=7 tasks=1 2s
[29/35] cubbit.io                research             cat=likely_target_category   claims=4  /4   progs=2 surf=2 tasks=1 1s
[30/35] devoteam.com             plausible            cat=likely_target_category   claims=1  /1   progs=0 surf=0 tasks=3 3s
[31/35] glovoapp.com             suppression_candidate cat=supply_side_marketplace  claims=0  /0   progs=0 surf=0 tasks=2 2s
[32/35] datadoghq.com            under_observed       cat=likely_target_category   claims=0  /0   progs=1 surf=0 tasks=3 3s
[33/35] doordash.com             under_observed       cat=unknown                  claims=0  /0   progs=0 surf=0 tasks=4 2s
[34/35] aircall.io               research             cat=likely_target_category   claims=7  /7   progs=3 surf=3 tasks=2 1s
[35/35] deloitte.com             under_observed       cat=professional_services    claims=0  /0   progs=0 surf=0 tasks=3 3s

wrote 35 dossiers (35 total in index)
