[1/25] planhat.com              research             cat=likely_target_category   claims=4  /4   progs=0 surf=0 tasks=2 1s
[2/25] trengo.com               plausible            cat=likely_target_category   claims=4  /4   progs=2 surf=0 tasks=1 1s
[3/25] oneflow.com              research             cat=likely_target_category   claims=5  /5   progs=0 surf=0 tasks=2 2s
[4/25] getaccept.com            research             cat=likely_target_category   claims=2  /3   progs=0 surf=0 tasks=1 2s
[5/25] channable.com            plausible            cat=unknown                  claims=3  /4   progs=1 surf=0 tasks=4 1s
[6/25] sana-commerce.com        strong_evidence      cat=likely_target_category   claims=7  /7   progs=2 surf=0 tasks=2 1s
[7/25] efficy.com               under_observed       cat=unknown                  claims=0  /0   progs=0 surf=0 tasks=4 1s
[8/25] mews.com                 plausible            cat=likely_target_category   claims=2  /2   progs=1 surf=0 tasks=1 1s
[9/25] juro.com                 under_observed       cat=likely_target_category   claims=0  /0   progs=0 surf=0 tasks=2 1s
[10/25] apaleo.com               under_observed       cat=likely_target_category   claims=0  /0   progs=0 surf=0 tasks=3 2s
[11/25] weglot.com               strong_evidence      cat=likely_target_category   claims=5  /6   progs=5 surf=0 tasks=2 2s
[12/25] leapsome.com             under_observed       cat=likely_target_category   claims=0  /0   progs=0 surf=0 tasks=2 1s
[13/25] spendesk.com             plausible            cat=likely_target_category   claims=4  /4   progs=0 surf=0 tasks=2 1s
[14/25] pleo.io                  research             cat=likely_target_category   claims=6  /6   progs=1 surf=0 tasks=3 2s
[15/25] payfit.com               plausible            cat=likely_target_category   claims=4  /4   progs=0 surf=0 tasks=2 2s
[16/25] factorialhr.com          strong_evidence      cat=likely_target_category   claims=6  /6   progs=2 surf=0 tasks=2 2s
[17/25] twikey.com               plausible            cat=likely_target_category   claims=2  /2   progs=0 surf=0 tasks=3 1s
[18/25] lano.io                  plausible            cat=likely_target_category   claims=1  /1   progs=2 surf=0 tasks=2 1s
[19/25] foleon.com               research             cat=likely_target_category   claims=0  /0   progs=0 surf=0 tasks=1 1s
[20/25] productsup.com           under_observed       cat=likely_target_category   claims=0  /0   progs=0 surf=0 tasks=1 1s
[21/25] upsales.com              under_observed       cat=likely_target_category   claims=0  /0   progs=0 surf=0 tasks=3 1s
[22/25] younium.com              research             cat=likely_target_category   claims=3  /3   progs=0 surf=0 tasks=1 1s
[23/25] vinted.com               under_observed       cat=likely_target_category   claims=0  /0   progs=0 surf=0 tasks=3 1s
[24/25] cegeka.com               under_observed       cat=likely_target_category   claims=0  /0   progs=0 surf=0 tasks=1 2s
[25/25] aircall.io               research             cat=likely_target_category   claims=7  /7   progs=2 surf=0 tasks=2 1s

wrote 25 dossiers (35 total in index)
