stratified sample: 22 candidates across 8 families
[1/22] sap.com                      VALID_OPERATOR   gate=drop              -
[2/22] survoltage.fr                VALID_OPERATOR   gate=research_required plausible
[3/22] smartsolution-4u.com         PARTICIPANT_ONLY gate=drop              -
[4/22] maison-energy.com            VALID_OPERATOR   gate=research_required under_observed
[5/22] opentext.com                 VALID_OPERATOR   gate=drop              -
[6/22] se.com                       VALID_OPERATOR   gate=research_required research
[7/22] krampitz.de                  VALID_OPERATOR   gate=research_required under_observed
[8/22] keysight.com                 VALID_OPERATOR   gate=research_required under_observed
[9/22] indeed.com                   IRRELEVANT       gate=research_required under_observed
[10/22] azbil.com                    VALID_OPERATOR   gate=research_required under_observed
[11/22] canon.se                     VALID_OPERATOR   gate=operator_evidence research
[12/22] support.microsoft.com        IRRELEVANT       gate=drop              -
[13/22] imperium-app.it              IRRELEVANT       gate=drop              -
[14/22] register.it                  VALID_OPERATOR   gate=research_required research
[15/22] telecombinatie.nl            VALID_OPERATOR   gate=operator_evidence research
[16/22] infomaniak.com               VALID_OPERATOR   gate=research_required under_observed
[17/22] higherlevel.nl               IRRELEVANT       gate=research_required under_observed
[18/22] avproglobal.com              VALID_OPERATOR   gate=research_required research
[19/22] gns.se                       VALID_OPERATOR   gate=research_required research
[20/22] firestoneairide.com          VALID_OPERATOR   gate=research_required research
[21/22] nettenverkoop.nl             VALID_OPERATOR   gate=research_required research
[22/22] securityinfowatch.com        IRRELEVANT       gate=research_required research
DONE e2e
