[1/42] paloaltonetworks.com       research_required      crm=Salesforce/strong_supporting vac=1 2s
[2/42] expo-e.uk                  plausible_introw_fit   crm=- vac=0 5s
[3/42] firstcomeurope.co.uk       plausible_introw_fit   crm=- vac=2 1s
[4/42] bytes.co.uk                research_required      crm=- vac=0 4s
[5/42] canonical.com              research_required      crm=Salesforce/strong_supporting vac=15 2s
[6/42] cloud.ionos.co.uk          research_required      crm=- vac=0 3s
[7/42] heidenhain.com             research_required      crm=- vac=2 2s
[8/42] 3mdeutschland.de           likely_not_fit         crm=- vac=2 1s
[9/42] fb-automation.com          under_observed         crm=HubSpot/strong_supporting vac=3 1s
[10/42] gestan.fr                  research_required      crm=- vac=8 2s
[11/42] ebp.com                    plausible_introw_fit   crm=HubSpot/strong_supporting vac=0 2s
[12/42] sage.com                   research_required      crm=- vac=0 1s
[13/42] start-platform.com         research_required      crm=- vac=0 1s
[14/42] yesicd.com                 under_observed         crm=- vac=0 1s
[15/42] ei3.com                    research_required      crm=HubSpot/strong_supporting vac=2 1s
[16/42] lumen.com                  plausible_introw_fit   crm=- vac=3 15s
[17/42] fortinet.com               research_required      crm=Salesforce/strong_supporting vac=3 15s
[18/42] motorolasolutions.com      likely_not_fit         crm=Salesforce/strong_supporting vac=0 2s
[19/42] allthingstalk.com          research_required      crm=HubSpot/strong_supporting vac=1 1s
[20/42] korewireless.com           plausible_introw_fit   crm=HubSpot/strong_supporting vac=8 1s
[21/42] datacore.com               research_required      crm=Salesforce/strong_supporting vac=6 4s
[22/42] atomsenses.com             research_required      crm=- vac=5 1s
[23/42] softwaresemplice.it        under_observed         crm=- vac=5 1s
[24/42] iotopen.io                 research_required      crm=- vac=0 2s
[25/42] ositalia.com               under_observed         crm=- vac=2 2s
[26/42] 2bit.it                    under_observed         crm=- vac=0 1s
[27/42] stesi.it                   research_required      crm=HubSpot/strong_supporting vac=0 1s
[28/42] conwex.de                  under_observed         crm=- vac=2 1s
[29/42] edisoftware.it             under_observed         crm=- vac=8 2s
[30/42] machineering.de            under_observed         crm=- vac=0 2s
[31/42] giersch.de                 research_required      crm=- vac=0 2s
[32/42] appelit.com                research_required      crm=- vac=0 1s
[33/42] avast.com                  plausible_introw_fit   crm=- vac=2 2s
[34/42] allisontransmission.com    research_required      crm=- vac=7 1s
[35/42] nordfarm.se                under_observed         crm=- vac=0 2s
[36/42] attachmentwarehouse.eu     under_observed         crm=- vac=2 1s
[37/42] myfactory.com              plausible_introw_fit   crm=- vac=0 2s
[38/42] saas-partner.de            under_observed         crm=- vac=0 1s
[39/42] comarch.de                 research_required      crm=- vac=1 2s
[40/42] vectorsecurity.com         under_observed         crm=- vac=0 4s
[41/42] gofilemaker.de             research_required      crm=- vac=0 1s
[42/42] apicbase.com               under_observed         crm=HubSpot/strong_supporting vac=5 1s
DONE — 42
