parloa.com           pages=3   unknown              names=0   twoPlus=false  
cubbit.io            pages=2   unknown              names=0   twoPlus=false  
aikido.dev           pages=3   named_role_unnamed   names=0   twoPlus=false  
axon.com             pages=3   named_individual     names=1   twoPlus=false  Browse Partner / Directory Become a Partner A
coder.com            pages=3   unknown              names=0   twoPlus=false  
archerirm.com        pages=9   unknown              names=0   twoPlus=false  
gitlab.com           pages=5   unknown              names=0   twoPlus=false  
pipedrive.com        pages=2   unknown              names=0   twoPlus=false  
freshworks.com       pages=4   unknown              names=0   twoPlus=false  
talkdesk.com         pages=5   unknown              names=0   twoPlus=false  
zendesk.com          pages=5   unknown              names=0   twoPlus=false  
datadoghq.com        pages=4   unknown              names=0   twoPlus=false  
aircall.io           pages=3   unknown              names=0   twoPlus=false  
nedap.com            pages=1   unknown              names=0   twoPlus=false  
personio.com         pages=0   unknown              names=0   twoPlus=false  
silverfin.com        pages=0   unknown              names=0   twoPlus=false  
kiflo.com            pages=1   unknown              names=0   twoPlus=false  
impartner.com        pages=7   named_individual     names=7   twoPlus=true   James Simpson Marketing / Director Manage partner | Newton Digital Transformation / Lead Impartner: A proven lea

states: unknown=15 · named_role_unnamed=1 · named_individual=2
TWO_PLUS satisfied: 1/18
any person evidence at all: 3/18
NOTE: `unknown` never means "no partner team" — team size below two is not a disqualifier.
DONE
