isabel.eu                IN  https://www.isabel.eu/en/our-partners/become-a-partner
unifiedpost.com          IN  https://unifiedpost.com/partnerships/accountants
officient.io             IN  https://officient.io/benl/partners
twikey.com               IN  https://www.twikey.com/be/partner/aangetekend.html
teamleader.eu            IN  https://www.teamleader.eu/become-a-partner
protime.eu               IN  https://www.protime.eu/en/about-us/partners
payflip.be               IN  https://payflip.be/nl/partners
odoo.com                 IN  https://www.odoo.com/certification-faq
deliverect.com           IN  https://deliverect.com/en/become-a-partner
collibra.com             OUT (no partner page)
mobilexpense.com         IN  https://www.mobilexpense.com/de/partner-werden
ngdata.com               IN  https://ngdata.com/partners
billit.be                IN  https://billit.be/nl-nl/partners/
yuki.nl                  IN  https://yuki.nl/nl-nl/partners/
showpad.com              IN  https://www.showpad.com/partners-old-2
codabox.com              IN  https://codabox.com/fr/produits/partenaires/
guardsquare.com          IN  https://www.guardsquare.com/partners
sentiance.com            IN  https://www.sentiance.com/partners
pieter.io                OUT (no partner page)
clearfacts.be            OUT (no partner page)
salonkee.be              OUT (no partner page)
bothive.io               IN  https://www.bothive.io/partners

reference list: 18/30 verified members
